amplify/data/resource.ts(25,9): error TS2353: Object literal may only specify known properties, and 'apiKeyConfig' does not exist in type 'AuthorizationModes'.
node_modules/@aws-amplify/deployed-backend-client/lib/backend_output_client_factory.d.ts(23,80): error TS2304: Cannot find name 'ErrorOptions'.
node_modules/@smithy/core/protocols.d.ts(6,3): error TS2308: Module "@smithy/core/dist-types/submodules/protocols/index.d" has already exported a member named 'RequestBuilder'. Consider explicitly re-exporting to resolve the ambiguity.
node_modules/@smithy/core/protocols.d.ts(6,3): error TS2308: Module "@smithy/core/dist-types/submodules/protocols/index.d" has already exported a member named 'collectBody'. Consider explicitly re-exporting to resolve the ambiguity.
node_modules/@smithy/core/protocols.d.ts(6,3): error TS2308: Module "@smithy/core/dist-types/submodules/protocols/index.d" has already exported a member named 'extendedEncodeURIComponent'. Consider explicitly re-exporting to resolve the ambiguity.
node_modules/@smithy/core/protocols.d.ts(6,3): error TS2308: Module "@smithy/core/dist-types/submodules/protocols/index.d" has already exported a member named 'requestBuilder'. Consider explicitly re-exporting to resolve the ambiguity.
node_modules/@smithy/core/protocols.d.ts(6,3): error TS2308: Module "@smithy/core/dist-types/submodules/protocols/index.d" has already exported a member named 'resolvedPath'. Consider explicitly re-exporting to resolve the ambiguity.
node_modules/aws-cdk-lib/assertions/lib/private/error.d.ts(12,5): error TS18028: Private identifiers are only available when targeting ECMAScript 2015 and higher.
node_modules/aws-cdk-lib/aws-cloudwatch/lib/metric.d.ts(363,5): error TS18028: Private identifiers are only available when targeting ECMAScript 2015 and higher.
node_modules/aws-cdk-lib/core/lib/errors.d.ts(56,5): error TS18028: Private identifiers are only available when targeting ECMAScript 2015 and higher.
node_modules/aws-cdk-lib/cx-api/lib/private/error.d.ts(11,5): error TS18028: Private identifiers are only available when targeting ECMAScript 2015 and higher.
node_modules/react-router-dom/dist/index.d.ts(1,69): error TS2307: Cannot find module 'react-router/dom' or its corresponding type declarations.
  There are types at 'C:/Users/Abrar/Downloads/aesthetixstudio/node_modules/react-router/dist/development/dom-export.d.mts', but this result could not be resolved under your current 'moduleResolution' setting. Consider updating to 'node16', 'nodenext', or 'bundler'.
node_modules/react-router/dist/development/instrumentation-BlrVzjbg.d.ts(364,5): error TS18028: Private identifiers are only available when targeting ECMAScript 2015 and higher.
node_modules/zod/dist/types/v3/types.d.ts(763,5): error TS18028: Private identifiers are only available when targeting ECMAScript 2015 and higher.
node_modules/zod/dist/types/v3/types.d.ts(782,5): error TS18028: Private identifiers are only available when targeting ECMAScript 2015 and higher.
src/components/sections/ContactSection.tsx(5,34): error TS6142: Module '../Icons' was resolved to 'C:/Users/Abrar/Downloads/aesthetixstudio/src/components/Icons.tsx', but '--jsx' is not set.
src/components/sections/ContactSection.tsx(43,17): error TS2322: Type 'string' is not assignable to type 'string[]'.
src/components/sections/ContactSection.tsx(64,9): error TS17004: Cannot use JSX unless the '--jsx' flag is provided.
src/components/sections/ContactSection.tsx(65,13): error TS17004: Cannot use JSX unless the '--jsx' flag is provided.
src/components/sections/ContactSection.tsx(67,17): error TS17004: Cannot use JSX unless the '--jsx' flag is provided.
src/components/sections/ContactSection.tsx(68,21): error TS17004: Cannot use JSX unless the '--jsx' flag is provided.
src/components/sections/ContactSection.tsx(69,21): error TS17004: Cannot use JSX unless the '--jsx' flag is provided.
src/components/sections/ContactSection.tsx(70,21): error TS17004: Cannot use JSX unless the '--jsx' flag is provided.
src/components/sections/ContactSection.tsx(76,17): error TS17004: Cannot use JSX unless the '--jsx' flag is provided.
src/components/sections/ContactSection.tsx(77,21): error TS17004: Cannot use JSX unless the '--jsx' flag is provided.
src/components/sections/ContactSection.tsx(78,25): error TS17004: Cannot use JSX unless the '--jsx' flag is provided.
src/components/sections/ContactSection.tsx(79,25): error TS17004: Cannot use JSX unless the '--jsx' flag is provided.
src/components/sections/ContactSection.tsx(89,21): error TS17004: Cannot use JSX unless the '--jsx' flag is provided.
src/components/sections/ContactSection.tsx(90,25): error TS17004: Cannot use JSX unless the '--jsx' flag is provided.
src/components/sections/ContactSection.tsx(91,25): error TS17004: Cannot use JSX unless the '--jsx' flag is provided.
src/components/sections/ContactSection.tsx(101,21): error TS17004: Cannot use JSX unless the '--jsx' flag is provided.
src/components/sections/ContactSection.tsx(102,25): error TS17004: Cannot use JSX unless the '--jsx' flag is provided.
src/components/sections/ContactSection.tsx(103,25): error TS17004: Cannot use JSX unless the '--jsx' flag is provided.
src/components/sections/ContactSection.tsx(109,29): error TS17004: Cannot use JSX unless the '--jsx' flag is provided.
src/components/sections/ContactSection.tsx(110,29): error TS17004: Cannot use JSX unless the '--jsx' flag is provided.
src/components/sections/ContactSection.tsx(111,29): error TS17004: Cannot use JSX unless the '--jsx' flag is provided.
src/components/sections/ContactSection.tsx(112,29): error TS17004: Cannot use JSX unless the '--jsx' flag is provided.
src/components/sections/ContactSection.tsx(115,21): error TS17004: Cannot use JSX unless the '--jsx' flag is provided.
src/components/sections/ContactSection.tsx(116,25): error TS17004: Cannot use JSX unless the '--jsx' flag is provided.
src/components/sections/ContactSection.tsx(117,25): error TS17004: Cannot use JSX unless the '--jsx' flag is provided.
src/components/sections/ContactSection.tsx(123,29): error TS17004: Cannot use JSX unless the '--jsx' flag is provided.
src/components/sections/ContactSection.tsx(124,29): error TS17004: Cannot use JSX unless the '--jsx' flag is provided.
src/components/sections/ContactSection.tsx(125,29): error TS17004: Cannot use JSX unless the '--jsx' flag is provided.
src/components/sections/ContactSection.tsx(128,21): error TS17004: Cannot use JSX unless the '--jsx' flag is provided.
src/components/sections/ContactSection.tsx(129,25): error TS17004: Cannot use JSX unless the '--jsx' flag is provided.
src/components/sections/ContactSection.tsx(130,25): error TS17004: Cannot use JSX unless the '--jsx' flag is provided.
src/components/sections/ContactSection.tsx(141,21): error TS17004: Cannot use JSX unless the '--jsx' flag is provided.
src/components/sections/ContactSection.tsx(142,25): error TS17004: Cannot use JSX unless the '--jsx' flag is provided.
src/components/sections/ContactSection.tsx(143,29): error TS17004: Cannot use JSX unless the '--jsx' flag is provided.
src/components/sections/ContactSection.tsx(144,29): error TS17004: Cannot use JSX unless the '--jsx' flag is provided.
src/components/sections/ContactSection.tsx(146,25): error TS17004: Cannot use JSX unless the '--jsx' flag is provided.
src/components/sections/ContactSection.tsx(157,21): error TS17004: Cannot use JSX unless the '--jsx' flag is provided.
src/components/sections/ContactSection.tsx(158,25): error TS17004: Cannot use JSX unless the '--jsx' flag is provided.
src/components/sections/ContactSection.tsx(162,29): error TS17004: Cannot use JSX unless the '--jsx' flag is provided.
src/components/sections/ContactSection.tsx(163,29): error TS17004: Cannot use JSX unless the '--jsx' flag is provided.
src/components/sections/ContactSection.tsx(170,21): error TS17004: Cannot use JSX unless the '--jsx' flag is provided.
src/components/sections/ContactSection.tsx(171,25): error TS17004: Cannot use JSX unless the '--jsx' flag is provided.
src/components/sections/ContactSection.tsx(172,29): error TS17004: Cannot use JSX unless the '--jsx' flag is provided.
src/components/sections/ContactSection.tsx(173,29): error TS17004: Cannot use JSX unless the '--jsx' flag is provided.
src/components/sections/ContactSection.tsx(174,29): error TS17004: Cannot use JSX unless the '--jsx' flag is provided.
src/components/sections/ContactSection.tsx(176,25): error TS17004: Cannot use JSX unless the '--jsx' flag is provided.
src/components/sections/ContactSection.tsx(177,29): error TS17004: Cannot use JSX unless the '--jsx' flag is provided.
src/components/sections/ContactSection.tsx(178,29): error TS17004: Cannot use JSX unless the '--jsx' flag is provided.
src/components/sections/ContactSection.tsx(179,50): error TS17004: Cannot use JSX unless the '--jsx' flag is provided.
src/components/sections/ContactSection.tsx(180,54): error TS17004: Cannot use JSX unless the '--jsx' flag is provided.
src/components/sections/ContactSection.tsx(183,29): error TS17004: Cannot use JSX unless the '--jsx' flag is provided.
src/components/sections/ContactSection.tsx(185,25): error TS17004: Cannot use JSX unless the '--jsx' flag is provided.
src/components/sections/ContactSection.tsx(186,29): error TS17004: Cannot use JSX unless the '--jsx' flag is provided.
src/components/sections/ContactSection.tsx(187,29): error TS17004: Cannot use JSX unless the '--jsx' flag is provided.
src/components/sections/ContactSection.tsx(188,33): error TS17004: Cannot use JSX unless the '--jsx' flag is provided.
src/components/sections/ContactSection.tsx(189,33): error TS17004: Cannot use JSX unless the '--jsx' flag is provided.
